// Jest Snapshot v1, https://goo.gl/fbAQLP

exports[`matches snapshot 1`] = `
<DocumentFragment>
  <div
    class="App"
  >
    <h1>
      Make a Box
    </h1>
    <div />
  </div>
</DocumentFragment>
`;
